*** Using Compiler 'V6.21', folder: 'G:\keil5\keil_v5\ARM\ARMCLANG\Bin'
Rebuild target 'T1'
compiling py32f0xx_hal_gpio.c...
compiling py32f0xx_hal_cortex.c...
compiling py32f0xx_hal_rcc_ex.c...
compiling py32f0xx_hal_pwr.c...
compiling py32f0xx_hal_wwdg.c...
compiling py32f0xx_hal_iwdg.c...
compiling py32f0xx_ll_utils.c...
compiling py32f0xx_hal_exti.c...
compiling py32f0xx_hal.c...
compiling py32f0xx_hal_dma.c...
compiling py32f0xx_hal_rcc.c...
compiling py32f0xx_hal_tim_ex.c...
compiling py32f0xx_ll_dma.c...
compiling py32f0xx_hal_uart.c...
compiling py32f0xx_hal_flash.c...
compiling py32f0xx_ll_rcc.c...
compiling py32f0xx_hal_usart.c...
compiling barcode_rx.c...
compiling py32f0xx_ll_pwr.c...
compiling barcode_store.c...
compiling py32f0xx_ll_exti.c...
compiling py32f0xx_ll_gpio.c...
compiling host_protocol.c...
compiling py32f0xx_hal_tim.c...
compiling barcode_app.c...
compiling barcode_view.c...
compiling main.c...
compiling barcode_port.c...
compiling gpio.c...
compiling tim.c...
compiling usart.c...
compiling wwdg.c...
compiling iwdg.c...
compiling rcc.c...
assembling startup_py32f003xx.s...
compiling py32f003_it.c...
compiling py32f003_hal_msp.c...
compiling system_py32f003.c...
compiling oled.c...
linking...
Program Size: Code=12508 RO-data=6952 RW-data=204 ZI-data=6452  
".\Objects\T1.axf" - 0 Error(s), 0 Warning(s).
Build Time Elapsed:  00:00:03
